(node:68739) [MODULE_TYPELESS_PACKAGE_JSON] Warning: Module type of file:///private/tmp/growthx-review-20260914/frontend/tests/e2e/decision-brief.spec.ts is not specified and it doesn't parse as CommonJS.
Reparsing as ES module because module syntax was detected. This incurs a performance overhead.
To eliminate this warning, add "type": "module" to /private/tmp/growthx-review-20260914/frontend/package.json.
(Use `node --trace-warnings ...` to show where the warning was created)
✖ DP11 Chrome production: actionable brief, actual clipboard, revisions, tab conflict and historical evidence/map (48088.601708ms)
(node:69425) [MODULE_TYPELESS_PACKAGE_JSON] Warning: Module type of file:///private/tmp/growthx-review-20260914/frontend/tests/e2e/sf-street-map.spec.ts is not specified and it doesn't parse as CommonJS.
Reparsing as ES module because module syntax was detected. This incurs a performance overhead.
To eliminate this warning, add "type": "module" to /private/tmp/growthx-review-20260914/frontend/package.json.
(Use `node --trace-warnings ...` to show where the warning was created)
▶ DP-09 production street map: run, revisions, grouping, camera, keyboard, mobile and failures
  ✔ same filtered set, published location, source link, selection and dossier by keyboard (1420.642583ms)
  ✔ new result updates markers without replacing map or recentering; same venue identities remain distinct (3683.989417ms)
  ✔ mobile switches list/map without losing selection or map, with filters and zero points (570.884459ms)
  ✔ run change and unmount remove old markers/listeners; no catalog leakage (2498.343958ms)
  ✔ snapshot geography and dossier remain old; current data requires a separate view (1162.401708ms)
  ✔ style failure preserves mobile list and can recover (1263.632375ms)
  ✔ tiles failure preserves mobile list and can recover (1220.215042ms)
  ✔ WebGL context loss exposes the list and retry creates one new map (81.14575ms)
  ✔ WebGL initialization failure leaves usable list (316.010916ms)
✔ DP-09 production street map: run, revisions, grouping, camera, keyboard, mobile and failures (13293.675709ms)
ℹ Owned Next and Chrome closed.
ℹ tests 11
ℹ suites 0
ℹ pass 10
ℹ fail 1
ℹ cancelled 0
ℹ skipped 0
ℹ todo 0
ℹ duration_ms 62157.405417

✖ failing tests:

test at tests/e2e/decision-brief.spec.ts:21:1
✖ DP11 Chrome production: actionable brief, actual clipboard, revisions, tab conflict and historical evidence/map (48088.601708ms)
  locator.check: Timeout 30000ms exceeded.
  Call log:
    - waiting for getByRole('radio', { name: 'Choose', exact: true })
      - locator resolved to <input disabled type="radio" name="verdict-edition-d54a42d3ba8672ab20f9aeec"/>
    - attempting click action
      2 × waiting for element to be visible, enabled and stable
        - element is not stable
      - retrying click action
      - waiting 20ms
      2 × waiting for element to be visible, enabled and stable
        - element is not stable
      - retrying click action
        - waiting 100ms
      - waiting for element to be visible, enabled and stable
      - element is not stable
    57 × retrying click action
         - waiting 500ms
         - waiting for element to be visible, enabled and stable
         - element is not enabled
    - retrying click action
      - waiting 500ms
  
      at TestContext.<anonymous> (/private/tmp/growthx-review-20260914/frontend/tests/e2e/decision-brief.spec.ts:68:58) {
    name: 'TimeoutError'
  }
