✓ Lockfile passes supply-chain policies (verified 3d ago)
Lockfile is up to date, resolution step is skipped
Already up to date

Done in 531ms using pnpm v11.8.0

   ╭─────────────────────────────────────────╮
   │                                         │
   │   Update available! 11.8.0 → 12.4.1.    │
   │   Changelog: https://pnpm.io/v/12.4.1   │
   │    To update, run: pnpm add -g pnpm     │
   │                                         │
   ╰─────────────────────────────────────────╯

$ node scripts/copy-maplibre-worker.mjs && next build
▲ Next.js 16.2.6 (Turbopack)

  Creating an optimized production build ...
✓ Compiled successfully in 2.4s
  Running TypeScript ...
  Finished TypeScript in 2.7s ...
  Collecting page data using 13 workers ...
  Generating static pages using 13 workers (0/10) ...
  Generating static pages using 13 workers (2/10) 
  Generating static pages using 13 workers (4/10) 
  Generating static pages using 13 workers (7/10) 
✓ Generating static pages using 13 workers (10/10) in 98ms
  Finalizing page optimization ...

Route (app)
┌ ○ /
├ ○ /_not-found
├ ƒ /api/catalog/editions
├ ƒ /api/catalog/editions/[id]
├ ƒ /api/decisions
├ ƒ /api/decisions/[id]
├ ƒ /api/evaluations
├ ƒ /api/evaluations/[id]
├ ƒ /api/evaluations/[id]/organizers/[organizerId]
├ ƒ /api/events/background
├ ƒ /api/events/ingest
├ ƒ /api/og/opportunity
├ ƒ /api/opportunities/search
└ ƒ /api/organizers/[id]


○  (Static)   prerendered as static content
ƒ  (Dynamic)  server-rendered on demand

