(node:6197) [MODULE_TYPELESS_PACKAGE_JSON] Warning: Module type of file:///private/tmp/growthx-review-20260914/frontend/tests/e2e/research-experience.spec.ts is not specified and it doesn't parse as CommonJS.
Reparsing as ES module because module syntax was detected. This incurs a performance overhead.
To eliminate this warning, add "type": "module" to /private/tmp/growthx-review-20260914/frontend/package.json.
(Use `node --trace-warnings ...` to show where the warning was created)
▶ DP10 research experience: meaningful results, stable polls, evidence, keyboard, mobile and errors
  ✔ desktop response, source action and technical disclosure (648.301875ms)
  ✔ evidence panel preserves map, selection, scroll and keyboard focus (283.278333ms)
  ✔ out-of-order polling appends findings without moving cards or selection (796.23775ms)
  ✔ mobile retains every action, traps evidence focus and restores selection (243.833291ms)
  ✔ empty filters are recoverable; unknown location and contradiction stay explicit (465.115834ms)
  ✔ provider, map and server failures keep saved findings and allow explicit recovery (1965.305584ms)
✔ DP10 research experience: meaningful results, stable polls, evidence, keyboard, mobile and errors (5563.89475ms)
ℹ tests 7
ℹ suites 0
ℹ pass 7
ℹ fail 0
ℹ cancelled 0
ℹ skipped 0
ℹ todo 0
ℹ duration_ms 5863.241416
