(node:88752) [MODULE_TYPELESS_PACKAGE_JSON] Warning: Module type of file:///private/var/folders/sn/h7vh5zv940nbqdg9vwd2qtgm0000gn/T/growthx-dp11-pca7hznf/frontend/tests/e2e/decision-brief.spec.ts is not specified and it doesn't parse as CommonJS.
Reparsing as ES module because module syntax was detected. This incurs a performance overhead.
To eliminate this warning, add "type": "module" to /private/var/folders/sn/h7vh5zv940nbqdg9vwd2qtgm0000gn/T/growthx-dp11-pca7hznf/frontend/package.json.
(Use `node --trace-warnings ...` to show where the warning was created)
✖ DP11 Chrome production: actionable brief, actual clipboard, revisions, tab conflict and historical evidence/map (47565.264417ms)
ℹ tests 1
ℹ suites 0
ℹ pass 0
ℹ fail 1
ℹ cancelled 0
ℹ skipped 0
ℹ todo 0
ℹ duration_ms 47966.043416

✖ failing tests:

test at tests/e2e/decision-brief.spec.ts:20:1
✖ DP11 Chrome production: actionable brief, actual clipboard, revisions, tab conflict and historical evidence/map (47565.264417ms)
  locator.waitFor: Timeout 30000ms exceeded.
  Call log:
    - waiting for locator('[data-point-edition-id="edition-d54a42d3ba8672ab20f9aeec"]') to be visible
  
      at TestContext.<anonymous> (/private/var/folders/sn/h7vh5zv940nbqdg9vwd2qtgm0000gn/T/growthx-dp11-pca7hznf/frontend/tests/e2e/decision-brief.spec.ts:66:85) {
    name: 'TimeoutError'
  }
