(node:3389) [MODULE_TYPELESS_PACKAGE_JSON] Warning: Module type of file:///private/var/folders/sn/h7vh5zv940nbqdg9vwd2qtgm0000gn/T/growthx-dp11-pca7hznf/frontend/tests/e2e/decision-brief.spec.ts is not specified and it doesn't parse as CommonJS.
Reparsing as ES module because module syntax was detected. This incurs a performance overhead.
To eliminate this warning, add "type": "module" to /private/var/folders/sn/h7vh5zv940nbqdg9vwd2qtgm0000gn/T/growthx-dp11-pca7hznf/frontend/package.json.
(Use `node --trace-warnings ...` to show where the warning was created)
✔ DP11 Chrome production: actionable brief, actual clipboard, revisions, tab conflict and historical evidence/map (46039.431584ms)
(node:4158) [MODULE_TYPELESS_PACKAGE_JSON] Warning: Module type of file:///private/var/folders/sn/h7vh5zv940nbqdg9vwd2qtgm0000gn/T/growthx-dp11-pca7hznf/frontend/tests/e2e/explicable-comparison.spec.ts is not specified and it doesn't parse as CommonJS.
Reparsing as ES module because module syntax was detected. This incurs a performance overhead.
To eliminate this warning, add "type": "module" to /private/var/folders/sn/h7vh5zv940nbqdg9vwd2qtgm0000gn/T/growthx-dp11-pca7hznf/frontend/package.json.
(Use `node --trace-warnings ...` to show where the warning was created)
✔ DP07 production browser: select two -> inspect pinned antecedent -> edit brief -> differences -> reopen unchanged (10503.208292ms)
(node:4316) [MODULE_TYPELESS_PACKAGE_JSON] Warning: Module type of file:///private/var/folders/sn/h7vh5zv940nbqdg9vwd2qtgm0000gn/T/growthx-dp11-pca7hznf/frontend/tests/e2e/persisted-evaluation.spec.ts is not specified and it doesn't parse as CommonJS.
Reparsing as ES module because module syntax was detected. This incurs a performance overhead.
To eliminate this warning, add "type": "module" to /private/var/folders/sn/h7vh5zv940nbqdg9vwd2qtgm0000gn/T/growthx-dp11-pca7hznf/frontend/package.json.
(Use `node --trace-warnings ...` to show where the warning was created)
▶ SF: demo persistida bajo caídas y aislamiento (navegador, Next reiniciado, worker con SIGKILL)
  ✔ perfil → investigación; pegar URL de Luma y cerrar la pestaña; el worker cae con SIGKILL y al reiniciar el dossier queda durable con pendientes (10842.266917ms)
  ✔ elegir condicionalmente sobre la comparación y guardar; luego cerrar navegador, worker y Next (8142.598541ms)
  ✔ reiniciar Next y recuperar por el enlace interno: identidad, evidencia y condiciones intactas; el señuelo no puede leer ni modificar (6600.367541ms)
  ✔ perfil → organizadores de SF → antecedente con empresa/rol → evento → decisión, sin abrir el mapa; resultado comercial ausente = desconocido (1668.692291ms)
✔ SF: demo persistida bajo caídas y aislamiento (navegador, Next reiniciado, worker con SIGKILL) (31369.210667ms)
ℹ Worker con SIGKILL real + Next reiniciado; 0 llamadas prohibidas; catálogo sintético y transporte de fixture explícitos.
(node:4821) [MODULE_TYPELESS_PACKAGE_JSON] Warning: Module type of file:///private/var/folders/sn/h7vh5zv940nbqdg9vwd2qtgm0000gn/T/growthx-dp11-pca7hznf/frontend/tests/e2e/reopen-evaluation.spec.ts is not specified and it doesn't parse as CommonJS.
Reparsing as ES module because module syntax was detected. This incurs a performance overhead.
To eliminate this warning, add "type": "module" to /private/var/folders/sn/h7vh5zv940nbqdg9vwd2qtgm0000gn/T/growthx-dp11-pca7hznf/frontend/package.json.
(Use `node --trace-warnings ...` to show where the warning was created)
▶ SF: reabrir la decisión exacta desde el dashboard (navegador, Next reiniciado, PostgreSQL y worker reales)
  ✔ guardar una elección condicional, ver su campaña y copiar el enlace interno (9131.370458ms)
  ✔ reiniciar Next y reabrir por el enlace interno: mismos IDs, motivos, claims y campaña; cero llamadas externas (6767.276292ms)
  ✔ navegar fuera de una comparación o campaña muestra solo la sección elegida; la lista recupera la misma decisión (13642.293791ms)
  ✔ lista de evaluaciones por identidad y regreso dashboard → organizador → evento → campaña (4460.648042ms)
  ✔ vigencia actual con reloj controlado: aviso sin alterar el resultado histórico (2752.290834ms)
  ✔ reevaluar crea otro run vinculado; la decisión previa sigue disponible sin ediciones encubiertas (7038.797042ms)
  ✔ un segundo presupuesto crea otro perfil y otro run; nunca sustituye el anterior (1366.811375ms)
  ✔ dos pestañas recuperan una revisión nueva tras conflicto; una lectura fallida conserva la respuesta y ofrece reintento (2309.445209ms)
✔ SF: reabrir la decisión exacta desde el dashboard (navegador, Next reiniciado, PostgreSQL y worker reales) (55283.88225ms)
ℹ Next reiniciado una vez; 0 llamadas prohibidas durante la lectura; catálogo sintético explícito.
(node:5633) [MODULE_TYPELESS_PACKAGE_JSON] Warning: Module type of file:///private/var/folders/sn/h7vh5zv940nbqdg9vwd2qtgm0000gn/T/growthx-dp11-pca7hznf/frontend/tests/e2e/research-experience.spec.ts is not specified and it doesn't parse as CommonJS.
Reparsing as ES module because module syntax was detected. This incurs a performance overhead.
To eliminate this warning, add "type": "module" to /private/var/folders/sn/h7vh5zv940nbqdg9vwd2qtgm0000gn/T/growthx-dp11-pca7hznf/frontend/package.json.
(Use `node --trace-warnings ...` to show where the warning was created)
▶ DP10 research experience: meaningful results, stable polls, evidence, keyboard, mobile and errors
  ✔ desktop response, source action and technical disclosure (653.209583ms)
  ✔ evidence panel preserves map, selection, scroll and keyboard focus (150.312667ms)
  ✔ out-of-order polling appends findings without moving cards or selection (789.355917ms)
  ✔ mobile retains every action, traps evidence focus and restores selection (232.625416ms)
  ✔ empty filters are recoverable; unknown location and contradiction stay explicit (464.133834ms)
  ✔ provider, map and server failures keep saved findings and allow explicit recovery (1965.39725ms)
✔ DP10 research experience: meaningful results, stable polls, evidence, keyboard, mobile and errors (5465.738584ms)
(node:5734) [MODULE_TYPELESS_PACKAGE_JSON] Warning: Module type of file:///private/var/folders/sn/h7vh5zv940nbqdg9vwd2qtgm0000gn/T/growthx-dp11-pca7hznf/frontend/tests/e2e/sf-street-map.spec.ts is not specified and it doesn't parse as CommonJS.
Reparsing as ES module because module syntax was detected. This incurs a performance overhead.
To eliminate this warning, add "type": "module" to /private/var/folders/sn/h7vh5zv940nbqdg9vwd2qtgm0000gn/T/growthx-dp11-pca7hznf/frontend/package.json.
(Use `node --trace-warnings ...` to show where the warning was created)
▶ DP-09 production street map: run, revisions, grouping, camera, keyboard, mobile and failures
  ✔ same filtered set, published location, source link, selection and dossier by keyboard (1300.260208ms)
  ✔ new result updates markers without replacing map or recentering; same venue identities remain distinct (3703.011167ms)
  ✔ mobile switches list/map without losing selection or map, with filters and zero points (598.630666ms)
  ✔ run change and unmount remove old markers/listeners; no catalog leakage (2502.620125ms)
  ✔ snapshot geography and dossier remain old; current data requires a separate view (1262.646916ms)
  ✔ style failure preserves mobile list and can recover (1268.086125ms)
  ✔ tiles failure preserves mobile list and can recover (1215.240333ms)
  ✔ WebGL context loss exposes the list and retry creates one new map (111.44925ms)
  ✔ WebGL initialization failure leaves usable list (337.572416ms)
✔ DP-09 production street map: run, revisions, grouping, camera, keyboard, mobile and failures (13361.089833ms)
ℹ Owned Next and Chrome closed.
ℹ tests 33
ℹ suites 0
ℹ pass 33
ℹ fail 0
ℹ cancelled 0
ℹ skipped 0
ℹ todo 0
ℹ duration_ms 164207.925875
