(node:89914) [MODULE_TYPELESS_PACKAGE_JSON] Warning: Module type of file:///private/var/folders/sn/h7vh5zv940nbqdg9vwd2qtgm0000gn/T/growthx-dp11-pca7hznf/frontend/tests/e2e/decision-brief.spec.ts is not specified and it doesn't parse as CommonJS.
Reparsing as ES module because module syntax was detected. This incurs a performance overhead.
To eliminate this warning, add "type": "module" to /private/var/folders/sn/h7vh5zv940nbqdg9vwd2qtgm0000gn/T/growthx-dp11-pca7hznf/frontend/package.json.
(Use `node --trace-warnings ...` to show where the warning was created)
✖ DP11 Chrome production: actionable brief, actual clipboard, revisions, tab conflict and historical evidence/map (46677.691875ms)
ℹ tests 1
ℹ suites 0
ℹ pass 0
ℹ fail 1
ℹ cancelled 0
ℹ skipped 0
ℹ todo 0
ℹ duration_ms 47077.051333

✖ failing tests:

test at tests/e2e/decision-brief.spec.ts:20:1
✖ DP11 Chrome production: actionable brief, actual clipboard, revisions, tab conflict and historical evidence/map (46677.691875ms)
  locator.click: Timeout 30000ms exceeded.
  Call log:
    - waiting for locator('[data-point-edition-id="edition-d54a42d3ba8672ab20f9aeec"]')
      - locator resolved to <button type="button" aria-pressed="true" class="sf-location-pin" data-latitude="37.7872" data-longitude="-122.3944" aria-label="Select on map: Agents, Everywhere" data-point-edition-id="edition-d54a42d3ba8672ab20f9aeec" data-group-edition-ids="edition-d54a42d3ba8672ab20f9aeec" data-edition-revision-id="edition-rev-b2e4755297e65e3e65e88071">•</button>
    - attempting click action
      2 × waiting for element to be visible, enabled and stable
        - element is not stable
      - retrying click action
      - waiting 20ms
      2 × waiting for element to be visible, enabled and stable
        - element is not stable
      - retrying click action
        - waiting 100ms
      57 × waiting for element to be visible, enabled and stable
         - element is visible, enabled and stable
         - scrolling into view if needed
         - done scrolling
         - <div class="maplibregl-popup-content">…</div> from <div class="maplibregl-popup maplibregl-popup-anchor-top">…</div> subtree intercepts pointer events
       - retrying click action
         - waiting 500ms
  
      at TestContext.<anonymous> (/private/var/folders/sn/h7vh5zv940nbqdg9vwd2qtgm0000gn/T/growthx-dp11-pca7hznf/frontend/tests/e2e/decision-brief.spec.ts:68:356) {
    name: 'TimeoutError'
  }
