(node:93733) [MODULE_TYPELESS_PACKAGE_JSON] Warning: Module type of file:///private/var/folders/sn/h7vh5zv940nbqdg9vwd2qtgm0000gn/T/growthx-dp11-pca7hznf/frontend/tests/e2e/persisted-evaluation.spec.ts is not specified and it doesn't parse as CommonJS.
Reparsing as ES module because module syntax was detected. This incurs a performance overhead.
To eliminate this warning, add "type": "module" to /private/var/folders/sn/h7vh5zv940nbqdg9vwd2qtgm0000gn/T/growthx-dp11-pca7hznf/frontend/package.json.
(Use `node --trace-warnings ...` to show where the warning was created)
▶ SF: demo persistida bajo caídas y aislamiento (navegador, Next reiniciado, worker con SIGKILL)
  ✔ perfil → investigación; pegar URL de Luma y cerrar la pestaña; el worker cae con SIGKILL y al reiniciar el dossier queda durable con pendientes (11475.381708ms)
  ✔ elegir condicionalmente sobre la comparación y guardar; luego cerrar navegador, worker y Next (8247.476834ms)
  ✔ reiniciar Next y recuperar por el enlace interno: identidad, evidencia y condiciones intactas; el señuelo no puede leer ni modificar (6541.236542ms)
  ✔ perfil → organizadores de SF → antecedente con empresa/rol → evento → decisión, sin abrir el mapa; resultado comercial ausente = desconocido (1689.484167ms)
✔ SF: demo persistida bajo caídas y aislamiento (navegador, Next reiniciado, worker con SIGKILL) (32690.149083ms)
ℹ Worker con SIGKILL real + Next reiniciado; 0 llamadas prohibidas; catálogo sintético y transporte de fixture explícitos.
(node:94530) [MODULE_TYPELESS_PACKAGE_JSON] Warning: Module type of file:///private/var/folders/sn/h7vh5zv940nbqdg9vwd2qtgm0000gn/T/growthx-dp11-pca7hznf/frontend/tests/e2e/reopen-evaluation.spec.ts is not specified and it doesn't parse as CommonJS.
Reparsing as ES module because module syntax was detected. This incurs a performance overhead.
To eliminate this warning, add "type": "module" to /private/var/folders/sn/h7vh5zv940nbqdg9vwd2qtgm0000gn/T/growthx-dp11-pca7hznf/frontend/package.json.
(Use `node --trace-warnings ...` to show where the warning was created)
▶ SF: reabrir la decisión exacta desde el dashboard (navegador, Next reiniciado, PostgreSQL y worker reales)
  ✔ guardar una elección condicional, ver su campaña y copiar el enlace interno (9021.779666ms)
  ✖ reiniciar Next y reabrir por el enlace interno: mismos IDs, motivos, claims y campaña; cero llamadas externas (6557.24075ms)
  ✔ navegar fuera de una comparación o campaña muestra solo la sección elegida; la lista recupera la misma decisión (22542.054625ms)
  ✖ lista de evaluaciones por identidad y regreso dashboard → organizador → evento → campaña (375.265541ms)
  ✔ vigencia actual con reloj controlado: aviso sin alterar el resultado histórico (2778.280084ms)
  ✖ reevaluar crea otro run vinculado; la decisión previa sigue disponible sin ediciones encubiertas (3490.990375ms)
  ✔ un segundo presupuesto crea otro perfil y otro run; nunca sustituye el anterior (1351.47025ms)
  ✔ dos pestañas recuperan una revisión nueva tras conflicto; una lectura fallida conserva la respuesta y ofrece reintento (2296.551084ms)
✖ SF: reabrir la decisión exacta desde el dashboard (navegador, Next reiniciado, PostgreSQL y worker reales) (55470.752917ms)
ℹ Next reiniciado una vez; 0 llamadas prohibidas durante la lectura; catálogo sintético explícito.
(node:95440) [MODULE_TYPELESS_PACKAGE_JSON] Warning: Module type of file:///private/var/folders/sn/h7vh5zv940nbqdg9vwd2qtgm0000gn/T/growthx-dp11-pca7hznf/frontend/tests/e2e/research-experience.spec.ts is not specified and it doesn't parse as CommonJS.
Reparsing as ES module because module syntax was detected. This incurs a performance overhead.
To eliminate this warning, add "type": "module" to /private/var/folders/sn/h7vh5zv940nbqdg9vwd2qtgm0000gn/T/growthx-dp11-pca7hznf/frontend/package.json.
(Use `node --trace-warnings ...` to show where the warning was created)
▶ DP10 research experience: meaningful results, stable polls, evidence, keyboard, mobile and errors
  ✔ desktop response, source action and technical disclosure (668.680042ms)
  ✔ evidence panel preserves map, selection, scroll and keyboard focus (150.252834ms)
  ✔ out-of-order polling appends findings without moving cards or selection (793.636333ms)
  ✔ mobile retains every action, traps evidence focus and restores selection (262.991375ms)
  ✔ empty filters are recoverable; unknown location and contradiction stay explicit (463.884917ms)
  ✔ provider, map and server failures keep saved findings and allow explicit recovery (2015.361875ms)
✔ DP10 research experience: meaningful results, stable polls, evidence, keyboard, mobile and errors (5545.150167ms)
ℹ tests 21
ℹ suites 0
ℹ pass 17
ℹ fail 4
ℹ cancelled 0
ℹ skipped 0
ℹ todo 0
ℹ duration_ms 94744.401417

✖ failing tests:

test at tests/e2e/reopen-evaluation.spec.ts:281:11
✖ reiniciar Next y reabrir por el enlace interno: mismos IDs, motivos, claims y campaña; cero llamadas externas (6557.24075ms)
  AssertionError [ERR_ASSERTION]: Expected values to be strictly equal:
  + actual - expected
  
  + '?run=cfb322e3-a4ba-4ba9-b0f5-862d5ba51af2&decision=7332d8cb-8464-453b-9021-e1462638e5c8&revision=1'
  - '?run=cfb322e3-a4ba-4ba9-b0f5-862d5ba51af2&decision=7332d8cb-8464-453b-9021-e1462638e5c8'
  
      at TestContext.<anonymous> (file:///private/var/folders/sn/h7vh5zv940nbqdg9vwd2qtgm0000gn/T/growthx-dp11-pca7hznf/frontend/tests/e2e/reopen-evaluation.spec.ts:299:12)
      at async Test.run (node:internal/test_runner/test:1116:7)
      at async TestContext.<anonymous> (file:///private/var/folders/sn/h7vh5zv940nbqdg9vwd2qtgm0000gn/T/growthx-dp11-pca7hznf/frontend/tests/e2e/reopen-evaluation.spec.ts:281:3)
      at async Test.run (node:internal/test_runner/test:1116:7)
      at async startSubtestAfterBootstrap (node:internal/test_runner/harness:358:3) {
    generatedMessage: true,
    code: 'ERR_ASSERTION',
    actual: '?run=cfb322e3-a4ba-4ba9-b0f5-862d5ba51af2&decision=7332d8cb-8464-453b-9021-e1462638e5c8&revision=1',
    expected: '?run=cfb322e3-a4ba-4ba9-b0f5-862d5ba51af2&decision=7332d8cb-8464-453b-9021-e1462638e5c8',
    operator: 'strictEqual',
    diff: 'simple'
  }

test at tests/e2e/reopen-evaluation.spec.ts:419:11
✖ lista de evaluaciones por identidad y regreso dashboard → organizador → evento → campaña (375.265541ms)
  AssertionError [ERR_ASSERTION]: Expected values to be strictly equal:
  + actual - expected
  
  + '/?run=cfb322e3-a4ba-4ba9-b0f5-862d5ba51af2&decision=7332d8cb-8464-453b-9021-e1462638e5c8'
  - '/?run=cfb322e3-a4ba-4ba9-b0f5-862d5ba51af2&decision=7332d8cb-8464-453b-9021-e1462638e5c8&revision=1'
  
      at TestContext.<anonymous> (file:///private/var/folders/sn/h7vh5zv940nbqdg9vwd2qtgm0000gn/T/growthx-dp11-pca7hznf/frontend/tests/e2e/reopen-evaluation.spec.ts:435:12)
      at async Test.run (node:internal/test_runner/test:1116:7)
      at async TestContext.<anonymous> (file:///private/var/folders/sn/h7vh5zv940nbqdg9vwd2qtgm0000gn/T/growthx-dp11-pca7hznf/frontend/tests/e2e/reopen-evaluation.spec.ts:419:3)
      at async Test.run (node:internal/test_runner/test:1116:7)
      at async startSubtestAfterBootstrap (node:internal/test_runner/harness:358:3) {
    generatedMessage: true,
    code: 'ERR_ASSERTION',
    actual: '/?run=cfb322e3-a4ba-4ba9-b0f5-862d5ba51af2&decision=7332d8cb-8464-453b-9021-e1462638e5c8',
    expected: '/?run=cfb322e3-a4ba-4ba9-b0f5-862d5ba51af2&decision=7332d8cb-8464-453b-9021-e1462638e5c8&revision=1',
    operator: 'strictEqual',
    diff: 'simple'
  }

test at tests/e2e/reopen-evaluation.spec.ts:489:11
✖ reevaluar crea otro run vinculado; la decisión previa sigue disponible sin ediciones encubiertas (3490.990375ms)
  AssertionError [ERR_ASSERTION]: Expected values to be strictly equal:
  + actual - expected
  
  + null
  - '7332d8cb-8464-453b-9021-e1462638e5c8'
  
      at TestContext.<anonymous> (file:///private/var/folders/sn/h7vh5zv940nbqdg9vwd2qtgm0000gn/T/growthx-dp11-pca7hznf/frontend/tests/e2e/reopen-evaluation.spec.ts:510:12)
      at async Test.run (node:internal/test_runner/test:1116:7)
      at async TestContext.<anonymous> (file:///private/var/folders/sn/h7vh5zv940nbqdg9vwd2qtgm0000gn/T/growthx-dp11-pca7hznf/frontend/tests/e2e/reopen-evaluation.spec.ts:489:3)
      at async Test.run (node:internal/test_runner/test:1116:7)
      at async startSubtestAfterBootstrap (node:internal/test_runner/harness:358:3) {
    generatedMessage: true,
    code: 'ERR_ASSERTION',
    actual: null,
    expected: '7332d8cb-8464-453b-9021-e1462638e5c8',
    operator: 'strictEqual',
    diff: 'simple'
  }
