$ node --test tests/e2e/sf-organizer-research.spec.ts && node --test tests/e2e/reopen-evaluation.spec.ts && node --test tests/e2e/persisted-evaluation.spec.ts && node --test tests/e2e/research-brief.spec.ts && node --test tests/e2e/exa-discovery.spec.ts && node --test tests/e2e/source-reading.spec.ts
(node:94408) [MODULE_TYPELESS_PACKAGE_JSON] Warning: Module type of file:///Users/jirustaroure/Desktop/GrowthX%20for%20hackaton/frontend/tests/e2e/sf-organizer-research.spec.ts is not specified and it doesn't parse as CommonJS.
Reparsing as ES module because module syntax was detected. This incurs a performance overhead.
To eliminate this warning, add "type": "module" to /Users/jirustaroure/Desktop/GrowthX for hackaton/frontend/package.json.
(Use `node --trace-warnings ...` to show where the warning was created)
▶ SF: dashboard y organizadores con navegador, PostgreSQL y worker reales
  ✔ entrada dashboard, sesión y perfil corregible antes de investigar (9686.099041ms)
  ✔ homónimos independientes y guardado durable sin edición elegible (3616.110208ms)
  ✔ razones → expediente → empresa → edición → rol → fuente; resultado desconocido (4641.718084ms)
  ✔ logo ambiguo y edición futura fuera de SF no se recomiendan (1030.690209ms)
  ✔ Lista/Mapa conservan exactamente los mismos IDs y fuentes; sin sede inferida (925.60925ms)
  ✔ revisión del perfil, ausencia de coincidencia e importador disponible (2968.881334ms)
  ✔ sesión señuelo, RLS, identidad comparable e idempotencia de nuevas revisiones (647.378542ms)
  ✔ matching usa la última revisión y la identidad confirmada, no nombres parecidos (909.813833ms)
  ✔ error del worker se persiste y aparece en el dashboard (9150.503459ms)
  ✔ sin catálogo no hay fixtures de relleno; cero llamadas al pipeline global (270.689833ms)
✔ SF: dashboard y organizadores con navegador, PostgreSQL y worker reales (39221.540041ms)
ℹ Next real y worker real; 0 llamadas al pipeline global. Catálogo sintético explícito.
ℹ tests 11
ℹ suites 0
ℹ pass 11
ℹ fail 0
ℹ cancelled 0
ℹ skipped 0
ℹ todo 0
ℹ duration_ms 39861.768042
(node:95029) [MODULE_TYPELESS_PACKAGE_JSON] Warning: Module type of file:///Users/jirustaroure/Desktop/GrowthX%20for%20hackaton/frontend/tests/e2e/reopen-evaluation.spec.ts is not specified and it doesn't parse as CommonJS.
Reparsing as ES module because module syntax was detected. This incurs a performance overhead.
To eliminate this warning, add "type": "module" to /Users/jirustaroure/Desktop/GrowthX for hackaton/frontend/package.json.
(Use `node --trace-warnings ...` to show where the warning was created)
▶ SF: reabrir la decisión exacta desde el dashboard (navegador, Next reiniciado, PostgreSQL y worker reales)
  ✔ guardar una elección condicional, ver su campaña y copiar el enlace interno (6034.131542ms)
  ✔ reiniciar Next y reabrir por el enlace interno: mismos IDs, motivos, claims y campaña; cero llamadas externas (6605.615667ms)
  ✔ navegar fuera de una comparación o campaña muestra solo la sección elegida; la lista recupera la misma decisión (8320.783459ms)
  ✔ lista de evaluaciones por identidad y regreso dashboard → organizador → evento → campaña (8514.768125ms)
  ✔ vigencia actual con reloj controlado: aviso sin alterar el resultado histórico (1027.314708ms)
  ✔ reevaluar crea otro run vinculado; la decisión previa sigue disponible sin ediciones encubiertas (6911.67875ms)
  ✔ un segundo presupuesto crea otro perfil y otro run; nunca sustituye el anterior (1784.058ms)
  ✔ dos pestañas recuperan una revisión nueva tras conflicto; una lectura fallida conserva la respuesta y ofrece reintento (2935.259ms)
✔ SF: reabrir la decisión exacta desde el dashboard (navegador, Next reiniciado, PostgreSQL y worker reales) (50429.777542ms)
ℹ Next reiniciado una vez; 0 llamadas prohibidas durante la lectura; catálogo sintético explícito.
ℹ tests 9
ℹ suites 0
ℹ pass 9
ℹ fail 0
ℹ cancelled 0
ℹ skipped 0
ℹ todo 0
ℹ duration_ms 50934.694875
(node:95889) [MODULE_TYPELESS_PACKAGE_JSON] Warning: Module type of file:///Users/jirustaroure/Desktop/GrowthX%20for%20hackaton/frontend/tests/e2e/persisted-evaluation.spec.ts is not specified and it doesn't parse as CommonJS.
Reparsing as ES module because module syntax was detected. This incurs a performance overhead.
To eliminate this warning, add "type": "module" to /Users/jirustaroure/Desktop/GrowthX for hackaton/frontend/package.json.
(Use `node --trace-warnings ...` to show where the warning was created)
▶ SF: demo persistida bajo caídas y aislamiento (navegador, Next reiniciado, worker con SIGKILL)
  ✔ perfil → investigación; pegar URL de Luma y cerrar la pestaña; el worker cae con SIGKILL y al reiniciar el dossier queda durable con pendientes (11157.134708ms)
  ✔ elegir condicionalmente sobre la comparación y guardar; luego cerrar navegador, worker y Next (5046.405042ms)
  ✔ reiniciar Next y recuperar por el enlace interno: identidad, evidencia y condiciones intactas; el señuelo no puede leer ni modificar (6325.89725ms)
  ✔ perfil → organizadores de SF → antecedente con empresa/rol → evento → decisión, sin abrir el mapa; resultado comercial ausente = desconocido (5175.003333ms)
✔ SF: demo persistida bajo caídas y aislamiento (navegador, Next reiniciado, worker con SIGKILL) (32662.048208ms)
ℹ Worker con SIGKILL real + Next reiniciado; 0 llamadas prohibidas; catálogo sintético y transporte de fixture explícitos.
ℹ tests 5
ℹ suites 0
ℹ pass 5
ℹ fail 0
ℹ cancelled 0
ℹ skipped 0
ℹ todo 0
ℹ duration_ms 33201.117708
(node:96405) [MODULE_TYPELESS_PACKAGE_JSON] Warning: Module type of file:///Users/jirustaroure/Desktop/GrowthX%20for%20hackaton/frontend/tests/e2e/research-brief.spec.ts is not specified and it doesn't parse as CommonJS.
Reparsing as ES module because module syntax was detected. This incurs a performance overhead.
To eliminate this warning, add "type": "module" to /Users/jirustaroure/Desktop/GrowthX for hackaton/frontend/package.json.
(Use `node --trace-warnings ...` to show where the warning was created)
✔ DP03: editar brief, cambiar preguntas, guardar dos revisiones y reabrir; lista/pin/dossier (18315.499875ms)
ℹ Dos briefs, dos revisiones reabiertas, objetivos/éxito/moneda conservados; identidad de lista/pin/dossier; 1366×900 y 390×844 sin overflow; HTTP tenant ajeno 404.
ℹ tests 1
ℹ suites 0
ℹ pass 1
ℹ fail 0
ℹ cancelled 0
ℹ skipped 0
ℹ todo 0
ℹ duration_ms 18853.63
(node:97013) [MODULE_TYPELESS_PACKAGE_JSON] Warning: Module type of file:///Users/jirustaroure/Desktop/GrowthX%20for%20hackaton/frontend/tests/e2e/exa-discovery.spec.ts is not specified and it doesn't parse as CommonJS.
Reparsing as ES module because module syntax was detected. This incurs a performance overhead.
To eliminate this warning, add "type": "module" to /Users/jirustaroure/Desktop/GrowthX for hackaton/frontend/package.json.
(Use `node --trace-warnings ...` to show where the warning was created)
✔ DP04 main brief → durable Exa proposals → worker restart → closed tab reopened (15563.6505ms)
ℹ Unmodified primary request, Exa fixture explicitly synthetic, 3 attempts persisted, worker process stopped/restarted, same source IDs after tab closure, no fixture organizer fallback, 404 cross tenant, desktop/mobile.
ℹ tests 1
ℹ suites 0
ℹ pass 1
ℹ fail 0
ℹ cancelled 0
ℹ skipped 0
ℹ todo 0
ℹ duration_ms 16043.062625
(node:97332) [MODULE_TYPELESS_PACKAGE_JSON] Warning: Module type of file:///Users/jirustaroure/Desktop/GrowthX%20for%20hackaton/frontend/tests/e2e/source-reading.spec.ts is not specified and it doesn't parse as CommonJS.
Reparsing as ES module because module syntax was detected. This incurs a performance overhead.
To eliminate this warning, add "type": "module" to /Users/jirustaroure/Desktop/GrowthX for hackaton/frontend/package.json.
(Use `node --trace-warnings ...` to show where the warning was created)
✔ DP-05 browser: import rich source, inspect fragments and conflict, reload and read on mobile (16646.169958ms)
ℹ Controlled HTML; real PostgreSQL, queue, worker, Next and Chromium. Audience/sponsor/address fragments, both dates, same revision after reload, tenant 404 and no mobile overflow. No paid providers.
ℹ tests 1
ℹ suites 0
ℹ pass 1
ℹ fail 0
ℹ cancelled 0
ℹ skipped 0
ℹ todo 0
ℹ duration_ms 17189.172125
