TAP version 13
# (node:15102) [MODULE_TYPELESS_PACKAGE_JSON] Warning: Module type of file:///private/tmp/growthx-review-20260910/verification-workspace/tests/e2e/reopen-evaluation.spec.ts is not specified and it doesn't parse as CommonJS.
# Reparsing as ES module because module syntax was detected. This incurs a performance overhead.
# To eliminate this warning, add "type": "module" to /private/tmp/growthx-review-20260910/verification-workspace/package.json.
# (Use `node --trace-warnings ...` to show where the warning was created)
# Subtest: SF: reabrir la decisión exacta desde el dashboard (navegador, Next reiniciado, PostgreSQL y worker reales)
    # Subtest: guardar una elección condicional, ver su campaña y copiar el enlace interno
    ok 1 - guardar una elección condicional, ver su campaña y copiar el enlace interno
      ---
      duration_ms: 5876.290834
      type: 'test'
      ...
    # Subtest: reiniciar Next y reabrir por el enlace interno: mismos IDs, motivos, claims y campaña; cero llamadas externas
    ok 2 - reiniciar Next y reabrir por el enlace interno: mismos IDs, motivos, claims y campaña; cero llamadas externas
      ---
      duration_ms: 6450.74975
      type: 'test'
      ...
    # Subtest: navegar fuera de una comparación o campaña muestra solo la sección elegida; la lista recupera la misma decisión
    ok 3 - navegar fuera de una comparación o campaña muestra solo la sección elegida; la lista recupera la misma decisión
      ---
      duration_ms: 8372.966833
      type: 'test'
      ...
    # Subtest: lista de evaluaciones por identidad y regreso dashboard → organizador → evento → campaña
    ok 4 - lista de evaluaciones por identidad y regreso dashboard → organizador → evento → campaña
      ---
      duration_ms: 8384.057125
      type: 'test'
      ...
    # Subtest: vigencia actual con reloj controlado: aviso sin alterar el resultado histórico
    ok 5 - vigencia actual con reloj controlado: aviso sin alterar el resultado histórico
      ---
      duration_ms: 915.330625
      type: 'test'
      ...
    # Subtest: reevaluar crea otro run vinculado; la decisión previa sigue disponible sin ediciones encubiertas
    ok 6 - reevaluar crea otro run vinculado; la decisión previa sigue disponible sin ediciones encubiertas
      ---
      duration_ms: 6751.30575
      type: 'test'
      ...
    # Subtest: un segundo presupuesto crea otro perfil y otro run; nunca sustituye el anterior
    ok 7 - un segundo presupuesto crea otro perfil y otro run; nunca sustituye el anterior
      ---
      duration_ms: 1649.840375
      type: 'test'
      ...
    # Subtest: dos pestañas recuperan una revisión nueva tras conflicto; una lectura fallida conserva la respuesta y ofrece reintento
    ok 8 - dos pestañas recuperan una revisión nueva tras conflicto; una lectura fallida conserva la respuesta y ofrece reintento
      ---
      duration_ms: 2893.347792
      type: 'test'
      ...
    1..8
ok 1 - SF: reabrir la decisión exacta desde el dashboard (navegador, Next reiniciado, PostgreSQL y worker reales)
  ---
  duration_ms: 52026.258875
  type: 'test'
  ...
# Next reiniciado una vez; 0 llamadas prohibidas durante la lectura; catálogo sintético explícito.
1..1
# tests 9
# suites 0
# pass 9
# fail 0
# cancelled 0
# skipped 0
# todo 0
# duration_ms 52416.338875
