$ node --test tests/e2e/sf-organizer-research.spec.ts && node --test tests/e2e/reopen-evaluation.spec.ts && node --test tests/e2e/persisted-evaluation.spec.ts && node --test tests/e2e/research-brief.spec.ts && node --test tests/e2e/exa-discovery.spec.ts && node --test tests/e2e/source-reading.spec.ts && node --test tests/e2e/relationships.spec.ts && node --test tests/e2e/explicable-comparison.spec.ts
(node:4711) [MODULE_TYPELESS_PACKAGE_JSON] Warning: Module type of file:///private/var/folders/sn/h7vh5zv940nbqdg9vwd2qtgm0000gn/T/growthx-dp09-5eklvrc1/frontend/tests/e2e/sf-organizer-research.spec.ts is not specified and it doesn't parse as CommonJS.
Reparsing as ES module because module syntax was detected. This incurs a performance overhead.
To eliminate this warning, add "type": "module" to /private/var/folders/sn/h7vh5zv940nbqdg9vwd2qtgm0000gn/T/growthx-dp09-5eklvrc1/frontend/package.json.
(Use `node --trace-warnings ...` to show where the warning was created)
▶ SF: dashboard y organizadores con navegador, PostgreSQL y worker reales
  ✔ entrada dashboard, sesión y perfil corregible antes de investigar (12879.964167ms)
  ✔ homónimos independientes y guardado durable sin edición elegible (3077.388792ms)
  ✔ razones → expediente → empresa → edición → rol → fuente; resultado desconocido (4758.194625ms)
  ✔ logo ambiguo y edición futura fuera de SF no se recomiendan (1007.01575ms)
  ✔ Lista/Mapa conservan exactamente los mismos IDs y fuentes; sin sede inferida (1086.2865ms)
  ✔ revisión del perfil, ausencia de coincidencia e importador disponible (3302.029791ms)
  ✔ sesión señuelo, RLS, identidad comparable e idempotencia de nuevas revisiones (1532.589708ms)
  ✔ matching usa la última revisión y la identidad confirmada, no nombres parecidos (1455.6615ms)
  ✔ error del worker se persiste y aparece en el dashboard (8921.332375ms)
  ✔ sin catálogo no hay fixtures de relleno; cero llamadas al pipeline global (197.4505ms)
✔ SF: dashboard y organizadores con navegador, PostgreSQL y worker reales (47558.533708ms)
ℹ Next real y worker real; 0 llamadas al pipeline global. Catálogo sintético explícito.
ℹ tests 11
ℹ suites 0
ℹ pass 11
ℹ fail 0
ℹ cancelled 0
ℹ skipped 0
ℹ todo 0
ℹ duration_ms 48667.109292
(node:5548) [MODULE_TYPELESS_PACKAGE_JSON] Warning: Module type of file:///private/var/folders/sn/h7vh5zv940nbqdg9vwd2qtgm0000gn/T/growthx-dp09-5eklvrc1/frontend/tests/e2e/reopen-evaluation.spec.ts is not specified and it doesn't parse as CommonJS.
Reparsing as ES module because module syntax was detected. This incurs a performance overhead.
To eliminate this warning, add "type": "module" to /private/var/folders/sn/h7vh5zv940nbqdg9vwd2qtgm0000gn/T/growthx-dp09-5eklvrc1/frontend/package.json.
(Use `node --trace-warnings ...` to show where the warning was created)
▶ SF: reabrir la decisión exacta desde el dashboard (navegador, Next reiniciado, PostgreSQL y worker reales)
  ✔ guardar una elección condicional, ver su campaña y copiar el enlace interno (5934.989292ms)
  ✔ reiniciar Next y reabrir por el enlace interno: mismos IDs, motivos, claims y campaña; cero llamadas externas (9649.93575ms)
  ✔ navegar fuera de una comparación o campaña muestra solo la sección elegida; la lista recupera la misma decisión (9758.99575ms)
  ✔ lista de evaluaciones por identidad y regreso dashboard → organizador → evento → campaña (8766.065541ms)
  ✔ vigencia actual con reloj controlado: aviso sin alterar el resultado histórico (848.655208ms)
  ✔ reevaluar crea otro run vinculado; la decisión previa sigue disponible sin ediciones encubiertas (4654.838333ms)
  ✔ un segundo presupuesto crea otro perfil y otro run; nunca sustituye el anterior (1802.564542ms)
  ✔ dos pestañas recuperan una revisión nueva tras conflicto; una lectura fallida conserva la respuesta y ofrece reintento (3090.311959ms)
✔ SF: reabrir la decisión exacta desde el dashboard (navegador, Next reiniciado, PostgreSQL y worker reales) (54059.303084ms)
ℹ Next reiniciado una vez; 0 llamadas prohibidas durante la lectura; catálogo sintético explícito.
ℹ tests 9
ℹ suites 0
ℹ pass 9
ℹ fail 0
ℹ cancelled 0
ℹ skipped 0
ℹ todo 0
ℹ duration_ms 54612.063958
(node:6469) [MODULE_TYPELESS_PACKAGE_JSON] Warning: Module type of file:///private/var/folders/sn/h7vh5zv940nbqdg9vwd2qtgm0000gn/T/growthx-dp09-5eklvrc1/frontend/tests/e2e/persisted-evaluation.spec.ts is not specified and it doesn't parse as CommonJS.
Reparsing as ES module because module syntax was detected. This incurs a performance overhead.
To eliminate this warning, add "type": "module" to /private/var/folders/sn/h7vh5zv940nbqdg9vwd2qtgm0000gn/T/growthx-dp09-5eklvrc1/frontend/package.json.
(Use `node --trace-warnings ...` to show where the warning was created)
▶ SF: demo persistida bajo caídas y aislamiento (navegador, Next reiniciado, worker con SIGKILL)
  ✔ perfil → investigación; pegar URL de Luma y cerrar la pestaña; el worker cae con SIGKILL y al reiniciar el dossier queda durable con pendientes (14041.182208ms)
  ✔ elegir condicionalmente sobre la comparación y guardar; luego cerrar navegador, worker y Next (6519.678875ms)
  ✔ reiniciar Next y recuperar por el enlace interno: identidad, evidencia y condiciones intactas; el señuelo no puede leer ni modificar (6534.114125ms)
  ✔ perfil → organizadores de SF → antecedente con empresa/rol → evento → decisión, sin abrir el mapa; resultado comercial ausente = desconocido (5188.09025ms)
✔ SF: demo persistida bajo caídas y aislamiento (navegador, Next reiniciado, worker con SIGKILL) (38569.751417ms)
ℹ Worker con SIGKILL real + Next reiniciado; 0 llamadas prohibidas; catálogo sintético y transporte de fixture explícitos.
ℹ tests 5
ℹ suites 0
ℹ pass 5
ℹ fail 0
ℹ cancelled 0
ℹ skipped 0
ℹ todo 0
ℹ duration_ms 39064.26975
(node:7225) [MODULE_TYPELESS_PACKAGE_JSON] Warning: Module type of file:///private/var/folders/sn/h7vh5zv940nbqdg9vwd2qtgm0000gn/T/growthx-dp09-5eklvrc1/frontend/tests/e2e/research-brief.spec.ts is not specified and it doesn't parse as CommonJS.
Reparsing as ES module because module syntax was detected. This incurs a performance overhead.
To eliminate this warning, add "type": "module" to /private/var/folders/sn/h7vh5zv940nbqdg9vwd2qtgm0000gn/T/growthx-dp09-5eklvrc1/frontend/package.json.
(Use `node --trace-warnings ...` to show where the warning was created)
✔ DP03: editar brief, cambiar preguntas, guardar dos revisiones y reabrir; lista/pin/dossier (46779.322208ms)
ℹ Dos briefs, dos revisiones reabiertas, objetivos/éxito/moneda conservados; identidad de lista/pin/dossier; 1366×900 y 390×844 sin overflow; HTTP tenant ajeno 404.
ℹ tests 1
ℹ suites 0
ℹ pass 1
ℹ fail 0
ℹ cancelled 0
ℹ skipped 0
ℹ todo 0
ℹ duration_ms 47275.985417
(node:7976) [MODULE_TYPELESS_PACKAGE_JSON] Warning: Module type of file:///private/var/folders/sn/h7vh5zv940nbqdg9vwd2qtgm0000gn/T/growthx-dp09-5eklvrc1/frontend/tests/e2e/exa-discovery.spec.ts is not specified and it doesn't parse as CommonJS.
Reparsing as ES module because module syntax was detected. This incurs a performance overhead.
To eliminate this warning, add "type": "module" to /private/var/folders/sn/h7vh5zv940nbqdg9vwd2qtgm0000gn/T/growthx-dp09-5eklvrc1/frontend/package.json.
(Use `node --trace-warnings ...` to show where the warning was created)
✔ DP04 main brief → durable Exa proposals → worker restart → closed tab reopened (16611.7595ms)
ℹ Unmodified primary request, Exa fixture explicitly synthetic, 3 attempts persisted, worker process stopped/restarted, same source IDs after tab closure, no fixture organizer fallback, 404 cross tenant, desktop/mobile.
ℹ tests 1
ℹ suites 0
ℹ pass 1
ℹ fail 0
ℹ cancelled 0
ℹ skipped 0
ℹ todo 0
ℹ duration_ms 17131.260833
(node:8211) [MODULE_TYPELESS_PACKAGE_JSON] Warning: Module type of file:///private/var/folders/sn/h7vh5zv940nbqdg9vwd2qtgm0000gn/T/growthx-dp09-5eklvrc1/frontend/tests/e2e/source-reading.spec.ts is not specified and it doesn't parse as CommonJS.
Reparsing as ES module because module syntax was detected. This incurs a performance overhead.
To eliminate this warning, add "type": "module" to /private/var/folders/sn/h7vh5zv940nbqdg9vwd2qtgm0000gn/T/growthx-dp09-5eklvrc1/frontend/package.json.
(Use `node --trace-warnings ...` to show where the warning was created)
✔ DP-05 browser: import rich source, inspect fragments and conflict, reload and read on mobile (17298.97725ms)
ℹ Controlled HTML; real PostgreSQL, queue, worker, Next and Chromium. Audience/sponsor/address fragments, both dates, same revision after reload, tenant 404 and no mobile overflow. No paid providers.
ℹ tests 1
ℹ suites 0
ℹ pass 1
ℹ fail 0
ℹ cancelled 0
ℹ skipped 0
ℹ todo 0
ℹ duration_ms 17827.248334
(node:8464) [MODULE_TYPELESS_PACKAGE_JSON] Warning: Module type of file:///private/var/folders/sn/h7vh5zv940nbqdg9vwd2qtgm0000gn/T/growthx-dp09-5eklvrc1/frontend/tests/e2e/relationships.spec.ts is not specified and it doesn't parse as CommonJS.
Reparsing as ES module because module syntax was detected. This incurs a performance overhead.
To eliminate this warning, add "type": "module" to /private/var/folders/sn/h7vh5zv940nbqdg9vwd2qtgm0000gn/T/growthx-dp09-5eklvrc1/frontend/package.json.
(Use `node --trace-warnings ...` to show where the warning was created)
✔ DP06 browser: controlled sources -> organizer -> previous edition -> company/project -> evidence (7805.626167ms)
ℹ controlled: event -> organizer -> previous edition -> company/project -> exact relationship fragments; reload and mobile; no paid providers.
ℹ tests 1
ℹ suites 0
ℹ pass 1
ℹ fail 0
ℹ cancelled 0
ℹ skipped 0
ℹ todo 0
ℹ duration_ms 8295.635209
(node:8676) [MODULE_TYPELESS_PACKAGE_JSON] Warning: Module type of file:///private/var/folders/sn/h7vh5zv940nbqdg9vwd2qtgm0000gn/T/growthx-dp09-5eklvrc1/frontend/tests/e2e/explicable-comparison.spec.ts is not specified and it doesn't parse as CommonJS.
Reparsing as ES module because module syntax was detected. This incurs a performance overhead.
To eliminate this warning, add "type": "module" to /private/var/folders/sn/h7vh5zv940nbqdg9vwd2qtgm0000gn/T/growthx-dp09-5eklvrc1/frontend/package.json.
(Use `node --trace-warnings ...` to show where the warning was created)
✔ DP07 production browser: select two -> inspect pinned antecedent -> edit brief -> differences -> reopen unchanged (14127.038667ms)
ℹ tests 1
ℹ suites 0
ℹ pass 1
ℹ fail 0
ℹ cancelled 0
ℹ skipped 0
ℹ todo 0
ℹ duration_ms 15643.2665
