$ node --test tests/e2e/sf-street-map.spec.ts
(node:11832) [MODULE_TYPELESS_PACKAGE_JSON] Warning: Module type of file:///private/var/folders/sn/h7vh5zv940nbqdg9vwd2qtgm0000gn/T/growthx-dp09-5eklvrc1/frontend/tests/e2e/sf-street-map.spec.ts is not specified and it doesn't parse as CommonJS.
Reparsing as ES module because module syntax was detected. This incurs a performance overhead.
To eliminate this warning, add "type": "module" to /private/var/folders/sn/h7vh5zv940nbqdg9vwd2qtgm0000gn/T/growthx-dp09-5eklvrc1/frontend/package.json.
(Use `node --trace-warnings ...` to show where the warning was created)
▶ DP-09 production street map: run, revisions, grouping, camera, keyboard, mobile and failures
  ✔ same filtered set, published location, source link, selection and dossier by keyboard (3813.509792ms)
  ✔ new result updates markers without replacing map or recentering; same venue identities remain distinct (4398.621792ms)
  ✔ mobile switches list/map without losing selection or map, with filters and zero points (586.798625ms)
  ✔ run change and unmount remove old markers/listeners; no catalog leakage (2517.357958ms)
  ✔ snapshot geography and dossier remain old; current data requires a separate view (3427.842834ms)
  ✔ style failure preserves mobile list and can recover (1236.387666ms)
  ✔ tiles failure preserves mobile list and can recover (1231.435167ms)
  ✔ WebGL context loss exposes the list and retry creates one new map (127.883083ms)
  ✔ WebGL initialization failure leaves usable list (1230.457083ms)
✔ DP-09 production street map: run, revisions, grouping, camera, keyboard, mobile and failures (20143.971291ms)
ℹ Owned Next and Chrome closed.
ℹ tests 10
ℹ suites 0
ℹ pass 10
ℹ fail 0
ℹ cancelled 0
ℹ skipped 0
ℹ todo 0
ℹ duration_ms 20589.135417
