(node:54015) [MODULE_TYPELESS_PACKAGE_JSON] Warning: Module type of file:///Users/jirustaroure/Desktop/GrowthX%20for%20hackaton/frontend/tests/integration/relationships.test.ts is not specified and it doesn't parse as CommonJS.
Reparsing as ES module because module syntax was detected. This incurs a performance overhead.
To eliminate this warning, add "type": "module" to /Users/jirustaroure/Desktop/GrowthX for hackaton/frontend/package.json.
(Use `node --trace-warnings ...` to show where the warning was created)
▶ DP06 durable relationships under real PostgreSQL roles
  ✔ acceptance atomic, replay key and tenant mismatch (13.552959ms)
  ✔ worker reads six sources, stops after read commit and resumes without consuming again (330.139375ms)
  ✔ RLS hides all new relations and queue has no business grants (7.097459ms)
  ✔ explicit refresh chains revisions; partial failures retain linked project support and original revision (268.115833ms)
  ✔ Vultr current host links to Paris sponsorship without creating organizing history (131.947834ms)
  ✔ DP04 discovery proposal -> DP05 full reading -> persisted relations; snippet remains unmodified (327.599459ms)
  ✔ foreign evidence and wrong-edition claim references roll back all relationship writes (187.150583ms)
  ✔ existing Luma identity and claim chains are reused; different year is a new edition (252.122083ms)
✔ DP06 durable relationships under real PostgreSQL roles (1603.041833ms)
ℹ tests 9
ℹ suites 0
ℹ pass 9
ℹ fail 0
ℹ cancelled 0
ℹ skipped 0
ℹ todo 0
ℹ duration_ms 1839.598709
