(node:43254) [MODULE_TYPELESS_PACKAGE_JSON] Warning: Module type of file:///Users/jirustaroure/Desktop/GrowthX%20for%20hackaton/frontend/tests/integration/relationships.test.ts is not specified and it doesn't parse as CommonJS.
Reparsing as ES module because module syntax was detected. This incurs a performance overhead.
To eliminate this warning, add "type": "module" to /Users/jirustaroure/Desktop/GrowthX for hackaton/frontend/package.json.
(Use `node --trace-warnings ...` to show where the warning was created)
▶ DP06 durable relationships under real PostgreSQL roles
  ✔ acceptance atomic, replay key and tenant mismatch (18.168333ms)
  ✔ worker reads six sources, stops after read commit and resumes without consuming again (557.366459ms)
  ✔ RLS hides all new relations and queue has no business grants (12.090042ms)
  ✔ explicit refresh chains revisions; partial failures retain linked project support and original revision (555.096167ms)
  ✔ Vultr current host links to Paris sponsorship without creating organizing history (110.166541ms)
  ✔ DP04 discovery proposal -> DP05 full reading -> persisted relations; snippet remains unmodified (303.026833ms)
  ✔ foreign evidence and wrong-edition claim references roll back all relationship writes (20.088041ms)
✔ DP06 durable relationships under real PostgreSQL roles (1710.86625ms)
ℹ tests 8
ℹ suites 0
ℹ pass 8
ℹ fail 0
ℹ cancelled 0
ℹ skipped 0
ℹ todo 0
ℹ duration_ms 1976.031375
