TAP version 13
# (node:2538) [MODULE_TYPELESS_PACKAGE_JSON] Warning: Module type of file:///Users/jirustaroure/Desktop/GrowthX%20for%20hackaton/frontend/tests/e2e/sf-organizer-research.spec.ts is not specified and it doesn't parse as CommonJS.
# Reparsing as ES module because module syntax was detected. This incurs a performance overhead.
# To eliminate this warning, add "type": "module" to /Users/jirustaroure/Desktop/GrowthX for hackaton/frontend/package.json.
# (Use `node --trace-warnings ...` to show where the warning was created)
# Subtest: SF: dashboard y organizadores con navegador, PostgreSQL y worker reales
    # Subtest: entrada dashboard, sesión y perfil corregible antes de investigar
    ok 1 - entrada dashboard, sesión y perfil corregible antes de investigar
      ---
      duration_ms: 7465.539125
      type: 'test'
      ...
    # Subtest: homónimos independientes y guardado durable sin edición elegible
    ok 2 - homónimos independientes y guardado durable sin edición elegible
      ---
      duration_ms: 3362.414583
      type: 'test'
      ...
    # Subtest: razones → expediente → empresa → edición → rol → fuente; resultado desconocido
    ok 3 - razones → expediente → empresa → edición → rol → fuente; resultado desconocido
      ---
      duration_ms: 4665.0685
      type: 'test'
      ...
    # Subtest: logo ambiguo y edición futura fuera de SF no se recomiendan
    ok 4 - logo ambiguo y edición futura fuera de SF no se recomiendan
      ---
      duration_ms: 1031.613625
      type: 'test'
      ...
    # Subtest: Lista/Mapa conservan exactamente los mismos IDs y fuentes; sin sede inferida
    ok 5 - Lista/Mapa conservan exactamente los mismos IDs y fuentes; sin sede inferida
      ---
      duration_ms: 941.936166
      type: 'test'
      ...
    # Subtest: revisión del perfil, ausencia de coincidencia e importador disponible
    ok 6 - revisión del perfil, ausencia de coincidencia e importador disponible
      ---
      duration_ms: 3469.96925
      type: 'test'
      ...
    # Subtest: sesión señuelo, RLS, identidad comparable e idempotencia de nuevas revisiones
    ok 7 - sesión señuelo, RLS, identidad comparable e idempotencia de nuevas revisiones
      ---
      duration_ms: 623.532083
      type: 'test'
      ...
    # Subtest: matching usa la última revisión y la identidad confirmada, no nombres parecidos
    ok 8 - matching usa la última revisión y la identidad confirmada, no nombres parecidos
      ---
      duration_ms: 1046.238542
      type: 'test'
      ...
    # Subtest: error del worker se persiste y aparece en el dashboard
    ok 9 - error del worker se persiste y aparece en el dashboard
      ---
      duration_ms: 8336.704708
      type: 'test'
      ...
    # Subtest: sin catálogo no hay fixtures de relleno; cero llamadas al pipeline global
    ok 10 - sin catálogo no hay fixtures de relleno; cero llamadas al pipeline global
      ---
      duration_ms: 199.311625
      type: 'test'
      ...
    1..10
ok 1 - SF: dashboard y organizadores con navegador, PostgreSQL y worker reales
  ---
  duration_ms: 36261.6115
  type: 'test'
  ...
# Next real y worker real; 0 llamadas al pipeline global. Catálogo sintético explícito.
1..1
# tests 11
# suites 0
# pass 11
# fail 0
# cancelled 0
# skipped 0
# todo 0
# duration_ms 36652.717541
