TAP version 13
# (node:4335) [MODULE_TYPELESS_PACKAGE_JSON] Warning: Module type of file:///Users/jirustaroure/Desktop/GrowthX%20for%20hackaton/frontend/tests/ui/trust-evidence.test.ts is not specified and it doesn't parse as CommonJS.
# Reparsing as ES module because module syntax was detected. This incurs a performance overhead.
# To eliminate this warning, add "type": "module" to /Users/jirustaroure/Desktop/GrowthX for hackaton/frontend/package.json.
# (Use `node --trace-warnings ...` to show where the warning was created)
# Subtest: campaña y texto copiable conservan incertidumbre, base y advertencia
ok 1 - campaña y texto copiable conservan incertidumbre, base y advertencia
  ---
  duration_ms: 174.699917
  type: 'test'
  ...
# Subtest: ubicación announced y confirmed comparten soporte pero no confirmación humana
ok 2 - ubicación announced y confirmed comparten soporte pero no confirmación humana
  ---
  duration_ms: 23.56025
  type: 'test'
  ...
1..2
# tests 2
# suites 0
# pass 2
# fail 0
# cancelled 0
# skipped 0
# todo 0
# duration_ms 586.237208
