▲ Next.js 16.2.6 (webpack)

  Creating an optimized production build ...
✓ Compiled successfully in 1330ms
  Running TypeScript ...
  Finished TypeScript in 2.7s ...
  Collecting page data using 13 workers ...
  Generating static pages using 13 workers (0/10) ...
  Generating static pages using 13 workers (2/10) 
  Generating static pages using 13 workers (4/10) 
  Generating static pages using 13 workers (7/10) 
✓ Generating static pages using 13 workers (10/10) in 98ms
  Finalizing page optimization ...
  Collecting build traces ...

Route (app)
┌ ○ /
├ ○ /_not-found
├ ƒ /api/catalog/editions
├ ƒ /api/catalog/editions/[id]
├ ƒ /api/decisions
├ ƒ /api/decisions/[id]
├ ƒ /api/evaluations
├ ƒ /api/evaluations/[id]
├ ƒ /api/evaluations/[id]/organizers/[organizerId]
├ ƒ /api/events/background
├ ƒ /api/events/ingest
├ ƒ /api/og/opportunity
├ ƒ /api/opportunities/search
└ ƒ /api/organizers/[id]


○  (Static)   prerendered as static content
ƒ  (Dynamic)  server-rendered on demand

