(node:53123) [MODULE_TYPELESS_PACKAGE_JSON] Warning: Module type of file:///Users/jirustaroure/Desktop/GrowthX%20for%20hackaton/frontend/tests/connectors/location-resolution.test.ts is not specified and it doesn't parse as CommonJS.
Reparsing as ES module because module syntax was detected. This incurs a performance overhead.
To eliminate this warning, add "type": "module" to /Users/jirustaroure/Desktop/GrowthX for hackaton/frontend/package.json.
(Use `node --trace-warnings ...` to show where the warning was created)
✔ DP-08 source coordinates keep explicit lat/lng and GeoJSON lng/lat; announced and confirmed (2.349208ms)
✔ DP-08 city-only, hidden, address conflict and unsupported legacy location have no point (0.167208ms)
✔ DP-08 homonym, detectable swapped axes and out-of-range coordinates are never corrected silently (0.146666ms)
✔ DP-08 Census uses address interpolation and county 06075, not bbox or first match (1.825209ms)
✔ DP-08 provider HTTP, redirect, malformed body, oversized body and timeout are bounded and sanitized (29.8185ms)
✔ DP-08 resolution metadata validates original claims and legacy contract still decodes (0.584708ms)
✔ DP-08 reader excludes organizer offices and unrelated maps; hidden and invalid published positions remain pending (6.354542ms)
✔ DP-08 same street/number in a different visible city contradicts the source point (0.493791ms)
(node:53124) [MODULE_TYPELESS_PACKAGE_JSON] Warning: Module type of file:///Users/jirustaroure/Desktop/GrowthX%20for%20hackaton/frontend/tests/connectors/source-reading.test.ts is not specified and it doesn't parse as CommonJS.
Reparsing as ES module because module syntax was detected. This incurs a performance overhead.
To eliminate this warning, add "type": "module" to /Users/jirustaroure/Desktop/GrowthX for hackaton/frontend/package.json.
(Use `node --trace-warnings ...` to show where the warning was created)
✔ DP-05: visible text complements JSON-LD; each material attribute has an exact fragment (47.296375ms)
✔ DP-05: UTC midnight and published local day are consistent, not a false contradiction (1.689083ms)
✔ DP-05: hidden nodes, injected instructions, logos and arbitrary links do not create factual claims or network calls (1.575416ms)
✔ DP-05: hidden address and conflicting coordinates prevent an exact point (0.666541ms)
✔ DP-05: complete address without coordinates is kept for DP-08 without geocoding (0.650917ms)
✔ DP-05: URL aliases, redirects, credentials, canonical hints and size are bounded (2.436792ms)
✔ DP-05: timeout includes a stalled body and a transport ignoring AbortSignal (62.790375ms)
✔ DP-05: replay rejects invented fragments, unknown versions and malformed values (2.648375ms)
ℹ tests 16
ℹ suites 0
ℹ pass 16
ℹ fail 0
ℹ cancelled 0
ℹ skipped 0
ℹ todo 0
ℹ duration_ms 340.228041
