$ node --test tests/e2e/sf-organizer-research.spec.ts && node --test tests/e2e/reopen-evaluation.spec.ts && node --test tests/e2e/persisted-evaluation.spec.ts && node --test tests/e2e/research-brief.spec.ts && node --test tests/e2e/exa-discovery.spec.ts && node --test tests/e2e/source-reading.spec.ts && node --test tests/e2e/relationships.spec.ts && node --test tests/e2e/explicable-comparison.spec.ts
(node:2401) [MODULE_TYPELESS_PACKAGE_JSON] Warning: Module type of file:///private/tmp/growthx-dp07-production/tests/e2e/sf-organizer-research.spec.ts is not specified and it doesn't parse as CommonJS.
Reparsing as ES module because module syntax was detected. This incurs a performance overhead.
To eliminate this warning, add "type": "module" to /private/tmp/growthx-dp07-production/package.json.
(Use `node --trace-warnings ...` to show where the warning was created)
▶ SF: dashboard y organizadores con navegador, PostgreSQL y worker reales
  ✔ entrada dashboard, sesión y perfil corregible antes de investigar (10270.712375ms)
  ✔ homónimos independientes y guardado durable sin edición elegible (3644.351458ms)
  ✔ razones → expediente → empresa → edición → rol → fuente; resultado desconocido (4671.396042ms)
  ✔ logo ambiguo y edición futura fuera de SF no se recomiendan (1027.547209ms)
  ✖ Lista/Mapa conservan exactamente los mismos IDs y fuentes; sin sede inferida (20883.197459ms)
  ✔ revisión del perfil, ausencia de coincidencia e importador disponible (3666.353ms)
  ✔ sesión señuelo, RLS, identidad comparable e idempotencia de nuevas revisiones (813.912333ms)
  ✔ matching usa la última revisión y la identidad confirmada, no nombres parecidos (1170.311875ms)
  ✔ error del worker se persiste y aparece en el dashboard (8770.735ms)
  ✔ sin catálogo no hay fixtures de relleno; cero llamadas al pipeline global (681.756ms)
✖ SF: dashboard y organizadores con navegador, PostgreSQL y worker reales (61862.783958ms)
ℹ Next real y worker real; 0 llamadas al pipeline global. Catálogo sintético explícito.
ℹ tests 11
ℹ suites 0
ℹ pass 9
ℹ fail 2
ℹ cancelled 0
ℹ skipped 0
ℹ todo 0
ℹ duration_ms 62359.911459

✖ failing tests:

test at tests/e2e/sf-organizer-research.spec.ts:258:11
✖ Lista/Mapa conservan exactamente los mismos IDs y fuentes; sin sede inferida (20883.197459ms)
  locator.waitFor: Timeout 20000ms exceeded.
  Call log:
    - waiting for locator('[data-map-state="ready"]') to be visible
  
      at TestContext.<anonymous> (/private/tmp/growthx-dp07-production/tests/e2e/sf-organizer-research.spec.ts:265:52)
      at async TestContext.<anonymous> (/private/tmp/growthx-dp07-production/tests/e2e/sf-organizer-research.spec.ts:258:3) {
    name: 'TimeoutError'
  }
[ELIFECYCLE] Command failed with exit code 1.
