TAP version 13
# (node:69025) [MODULE_TYPELESS_PACKAGE_JSON] Warning: Module type of file:///private/var/folders/sn/h7vh5zv940nbqdg9vwd2qtgm0000gn/T/growthx-dp10-b17xhisn/frontend/tests/e2e/research-brief.spec.ts is not specified and it doesn't parse as CommonJS.
# Reparsing as ES module because module syntax was detected. This incurs a performance overhead.
# To eliminate this warning, add "type": "module" to /private/var/folders/sn/h7vh5zv940nbqdg9vwd2qtgm0000gn/T/growthx-dp10-b17xhisn/frontend/package.json.
# (Use `node --trace-warnings ...` to show where the warning was created)
# Subtest: DP03: editar brief, cambiar preguntas, guardar dos revisiones y reabrir; lista/pin/dossier
ok 1 - DP03: editar brief, cambiar preguntas, guardar dos revisiones y reabrir; lista/pin/dossier
  ---
  duration_ms: 19756.333583
  type: 'test'
  ...
# Dos briefs, dos revisiones reabiertas, objetivos/éxito/moneda conservados; identidad de lista/pin/dossier; 1366×900 y 390×844 sin overflow; HTTP tenant ajeno 404.
# (node:69371) [MODULE_TYPELESS_PACKAGE_JSON] Warning: Module type of file:///private/var/folders/sn/h7vh5zv940nbqdg9vwd2qtgm0000gn/T/growthx-dp10-b17xhisn/frontend/tests/e2e/research-experience.spec.ts is not specified and it doesn't parse as CommonJS.
# Reparsing as ES module because module syntax was detected. This incurs a performance overhead.
# To eliminate this warning, add "type": "module" to /private/var/folders/sn/h7vh5zv940nbqdg9vwd2qtgm0000gn/T/growthx-dp10-b17xhisn/frontend/package.json.
# (Use `node --trace-warnings ...` to show where the warning was created)
# Subtest: DP10 research experience: meaningful results, stable polls, evidence, keyboard, mobile and errors
    # Subtest: desktop response, source action and technical disclosure
    ok 1 - desktop response, source action and technical disclosure
      ---
      duration_ms: 720.479791
      type: 'test'
      ...
    # Subtest: evidence panel preserves map, selection, scroll and keyboard focus
    ok 2 - evidence panel preserves map, selection, scroll and keyboard focus
      ---
      duration_ms: 149.8555
      type: 'test'
      ...
    # Subtest: out-of-order polling appends findings without moving cards or selection
    ok 3 - out-of-order polling appends findings without moving cards or selection
      ---
      duration_ms: 802.45475
      type: 'test'
      ...
    # Subtest: mobile retains every action, traps evidence focus and restores selection
    ok 4 - mobile retains every action, traps evidence focus and restores selection
      ---
      duration_ms: 253.199917
      type: 'test'
      ...
    # Subtest: empty filters are recoverable; unknown location and contradiction stay explicit
    ok 5 - empty filters are recoverable; unknown location and contradiction stay explicit
      ---
      duration_ms: 461.975167
      type: 'test'
      ...
    # Subtest: provider, map and server failures keep saved findings and allow explicit recovery
    ok 6 - provider, map and server failures keep saved findings and allow explicit recovery
      ---
      duration_ms: 1171.9195
      type: 'test'
      ...
    1..6
ok 2 - DP10 research experience: meaningful results, stable polls, evidence, keyboard, mobile and errors
  ---
  duration_ms: 4877.240792
  type: 'test'
  ...
# (node:69471) [MODULE_TYPELESS_PACKAGE_JSON] Warning: Module type of file:///private/var/folders/sn/h7vh5zv940nbqdg9vwd2qtgm0000gn/T/growthx-dp10-b17xhisn/frontend/tests/e2e/sf-street-map.spec.ts is not specified and it doesn't parse as CommonJS.
# Reparsing as ES module because module syntax was detected. This incurs a performance overhead.
# To eliminate this warning, add "type": "module" to /private/var/folders/sn/h7vh5zv940nbqdg9vwd2qtgm0000gn/T/growthx-dp10-b17xhisn/frontend/package.json.
# (Use `node --trace-warnings ...` to show where the warning was created)
# Subtest: DP-09 production street map: run, revisions, grouping, camera, keyboard, mobile and failures
    # Subtest: same filtered set, published location, source link, selection and dossier by keyboard
    ok 1 - same filtered set, published location, source link, selection and dossier by keyboard
      ---
      duration_ms: 1370.030541
      type: 'test'
      ...
    # Subtest: new result updates markers without replacing map or recentering; same venue identities remain distinct
    ok 2 - new result updates markers without replacing map or recentering; same venue identities remain distinct
      ---
      duration_ms: 3680.64225
      type: 'test'
      ...
    # Subtest: mobile switches list/map without losing selection or map, with filters and zero points
    not ok 3 - mobile switches list/map without losing selection or map, with filters and zero points
      ---
      duration_ms: 30105.783833
      type: 'test'
      location: '/private/var/folders/sn/h7vh5zv940nbqdg9vwd2qtgm0000gn/T/growthx-dp10-b17xhisn/frontend/tests/e2e/sf-street-map.spec.ts:75:11'
      failureType: 'testCodeFailure'
      error: |-
        locator.click: Timeout 30000ms exceeded.
        Call log:
          - waiting for getByRole('button', { name: 'Close map popup', exact: true })
        
      code: 'ERR_TEST_FAILURE'
      name: 'TimeoutError'
      stack: |-
        TestContext.<anonymous> (/private/var/folders/sn/h7vh5zv940nbqdg9vwd2qtgm0000gn/T/growthx-dp10-b17xhisn/frontend/tests/e2e/sf-street-map.spec.ts:80:226)
        async TestContext.<anonymous> (/private/var/folders/sn/h7vh5zv940nbqdg9vwd2qtgm0000gn/T/growthx-dp10-b17xhisn/frontend/tests/e2e/sf-street-map.spec.ts:75:3)
      ...
    # Subtest: run change and unmount remove old markers/listeners; no catalog leakage
    ok 4 - run change and unmount remove old markers/listeners; no catalog leakage
      ---
      duration_ms: 2513.220333
      type: 'test'
      ...
    # Subtest: snapshot geography and dossier remain old; current data requires a separate view
    ok 5 - snapshot geography and dossier remain old; current data requires a separate view
      ---
      duration_ms: 1211.730125
      type: 'test'
      ...
    # Subtest: style failure preserves mobile list and can recover
    ok 6 - style failure preserves mobile list and can recover
      ---
      duration_ms: 1252.903208
      type: 'test'
      ...
    # Subtest: tiles failure preserves mobile list and can recover
    ok 7 - tiles failure preserves mobile list and can recover
      ---
      duration_ms: 1230.816459
      type: 'test'
      ...
    # Subtest: WebGL context loss exposes the list and retry creates one new map
    ok 8 - WebGL context loss exposes the list and retry creates one new map
      ---
      duration_ms: 126.960417
      type: 'test'
      ...
    # Subtest: WebGL initialization failure leaves usable list
    ok 9 - WebGL initialization failure leaves usable list
      ---
      duration_ms: 355.548791
      type: 'test'
      ...
    1..9
not ok 3 - DP-09 production street map: run, revisions, grouping, camera, keyboard, mobile and failures
  ---
  duration_ms: 46340.662208
  type: 'test'
  location: '/private/var/folders/sn/h7vh5zv940nbqdg9vwd2qtgm0000gn/T/growthx-dp10-b17xhisn/frontend/tests/e2e/sf-street-map.spec.ts:11:1'
  failureType: 'subtestsFailed'
  error: '1 subtest failed'
  code: 'ERR_TEST_FAILURE'
  ...
# Owned Next and Chrome closed.
1..3
# tests 18
# suites 0
# pass 16
# fail 2
# cancelled 0
# skipped 0
# todo 0
# duration_ms 72233.913958
