(node:48257) [MODULE_TYPELESS_PACKAGE_JSON] Warning: Module type of file:///private/var/folders/sn/h7vh5zv940nbqdg9vwd2qtgm0000gn/T/growthx-dp12-ulcq6o2q/frontend/tests/e2e/decision-brief.spec.ts is not specified and it doesn't parse as CommonJS.
Reparsing as ES module because module syntax was detected. This incurs a performance overhead.
To eliminate this warning, add "type": "module" to /private/var/folders/sn/h7vh5zv940nbqdg9vwd2qtgm0000gn/T/growthx-dp12-ulcq6o2q/frontend/package.json.
(Use `node --trace-warnings ...` to show where the warning was created)
✔ DP11 Chrome production: actionable brief, actual clipboard, revisions, tab conflict and historical evidence/map (46796.844541ms)
(node:49076) [MODULE_TYPELESS_PACKAGE_JSON] Warning: Module type of file:///private/var/folders/sn/h7vh5zv940nbqdg9vwd2qtgm0000gn/T/growthx-dp12-ulcq6o2q/frontend/tests/e2e/research-experience.spec.ts is not specified and it doesn't parse as CommonJS.
Reparsing as ES module because module syntax was detected. This incurs a performance overhead.
To eliminate this warning, add "type": "module" to /private/var/folders/sn/h7vh5zv940nbqdg9vwd2qtgm0000gn/T/growthx-dp12-ulcq6o2q/frontend/package.json.
(Use `node --trace-warnings ...` to show where the warning was created)
✖ DP10 research experience: meaningful results, stable polls, evidence, keyboard, mobile and errors (1.293208ms)
(node:49083) [MODULE_TYPELESS_PACKAGE_JSON] Warning: Module type of file:///private/var/folders/sn/h7vh5zv940nbqdg9vwd2qtgm0000gn/T/growthx-dp12-ulcq6o2q/frontend/tests/e2e/sf-street-map.spec.ts is not specified and it doesn't parse as CommonJS.
Reparsing as ES module because module syntax was detected. This incurs a performance overhead.
To eliminate this warning, add "type": "module" to /private/var/folders/sn/h7vh5zv940nbqdg9vwd2qtgm0000gn/T/growthx-dp12-ulcq6o2q/frontend/package.json.
(Use `node --trace-warnings ...` to show where the warning was created)
▶ DP-09 production street map: run, revisions, grouping, camera, keyboard, mobile and failures
  ✔ same filtered set, published location, source link, selection and dossier by keyboard (1276.734084ms)
  ✔ new result updates markers without replacing map or recentering; same venue identities remain distinct (3680.772917ms)
  ✔ mobile switches list/map without losing selection or map, with filters and zero points (586.674333ms)
  ✔ run change and unmount remove old markers/listeners; no catalog leakage (2517.061ms)
  ✔ snapshot geography and dossier remain old; current data requires a separate view (1178.2625ms)
  ✔ style failure preserves mobile list and can recover (1253.068333ms)
  ✔ tiles failure preserves mobile list and can recover (1211.312583ms)
  ✔ WebGL context loss exposes the list and retry creates one new map (131.669041ms)
  ✔ WebGL initialization failure leaves usable list (390.840791ms)
✔ DP-09 production street map: run, revisions, grouping, camera, keyboard, mobile and failures (13417.987ms)
ℹ Owned Next and Chrome closed.
ℹ tests 12
ℹ suites 0
ℹ pass 11
ℹ fail 1
ℹ cancelled 0
ℹ skipped 0
ℹ todo 0
ℹ duration_ms 61274.525916

✖ failing tests:

test at tests/e2e/research-experience.spec.ts:11:1
✖ DP10 research experience: meaningful results, stable polls, evidence, keyboard, mobile and errors (1.293208ms)
  AssertionError [ERR_ASSERTION]: Use the dedicated DP10 test database
      at TestContext.<anonymous> (file:///private/var/folders/sn/h7vh5zv940nbqdg9vwd2qtgm0000gn/T/growthx-dp12-ulcq6o2q/frontend/tests/e2e/research-experience.spec.ts:12:10)
      at Test.runInAsyncScope (node:async_hooks:212:14)
      at Test.run (node:internal/test_runner/test:1109:25)
      at Test.start (node:internal/test_runner/test:1006:17)
      at startSubtestAfterBootstrap (node:internal/test_runner/harness:358:17)
      at process.processTicksAndRejections (node:internal/process/task_queues:104:5) {
    generatedMessage: false,
    code: 'ERR_ASSERTION',
    actual: false,
    expected: true,
    operator: '==',
    diff: 'simple'
  }
