TAP version 13
# (node:83745) [MODULE_TYPELESS_PACKAGE_JSON] Warning: Module type of file:///Users/jirustaroure/Desktop/GrowthX%20for%20hackaton/frontend/tests/contracts/research-brief.test.ts is not specified and it doesn't parse as CommonJS.
# Reparsing as ES module because module syntax was detected. This incurs a performance overhead.
# To eliminate this warning, add "type": "module" to /Users/jirustaroure/Desktop/GrowthX for hackaton/frontend/package.json.
# (Use `node --trace-warnings ...` to show where the warning was created)
# Subtest: DP03: brief completo y legado; preguntas ligadas a producto, audiencia y objetivo; dinero separado
ok 1 - DP03: brief completo y legado; preguntas ligadas a producto, audiencia y objetivo; dinero separado
  ---
  duration_ms: 3.582292
  type: 'test'
  ...
# Subtest: DP03: rechaza datos inválidos y campos operativos/tenant en el brief
ok 2 - DP03: rechaza datos inválidos y campos operativos/tenant en el brief
  ---
  duration_ms: 0.299417
  type: 'test'
  ...
# Subtest: DP03: contratos de fuentes y relaciones preservan premio, herramienta y edición sin atribuir eficacia
ok 3 - DP03: contratos de fuentes y relaciones preservan premio, herramienta y edición sin atribuir eficacia
  ---
  duration_ms: 1.443083
  type: 'test'
  ...
# Subtest: DP03: ubicación anterior, ciudad, fallo y contradicción no fabrican un punto
ok 4 - DP03: ubicación anterior, ciudad, fallo y contradicción no fabrican un punto
  ---
  duration_ms: 0.463917
  type: 'test'
  ...
# Subtest: DP03: parcial/error/insuficiente y consumo desconocido son estados distintos de éxito/cero
ok 5 - DP03: parcial/error/insuficiente y consumo desconocido son estados distintos de éxito/cero
  ---
  duration_ms: 0.372333
  type: 'test'
  ...
# (node:83746) [MODULE_TYPELESS_PACKAGE_JSON] Warning: Module type of file:///Users/jirustaroure/Desktop/GrowthX%20for%20hackaton/frontend/tests/integration/research-brief.test.ts is not specified and it doesn't parse as CommonJS.
# Reparsing as ES module because module syntax was detected. This incurs a performance overhead.
# To eliminate this warning, add "type": "module" to /Users/jirustaroure/Desktop/GrowthX for hackaton/frontend/package.json.
# (Use `node --trace-warnings ...` to show where the warning was created)
# Subtest: DP03: revisiones, referencias por fragmento, lecturas antiguas y aislamiento en PostgreSQL
ok 6 - DP03: revisiones, referencias por fragmento, lecturas antiguas y aislamiento en PostgreSQL
  ---
  duration_ms: 186.288084
  type: 'test'
  ...
# Dos revisiones y preguntas diferentes; v1 original intacta; costo comercial separado; fragmentos/roles correctos; fuentes, empresas y run ajenos rechazados; sin fallback sintético.
1..6
# tests 6
# suites 0
# pass 6
# fail 0
# cancelled 0
# skipped 0
# todo 0
# duration_ms 353.400333
